// Jest Snapshot v1, https://goo.gl/fbAQLP

exports[`StickerApp Snapshot 1`] = `
<div
  className="fui-FluentProvider fui-FluentProviderr0 ___jdtuxv0_17k0bs4 f19n0e5 fxugw4r f1o700av fk6fouc fkhj508 figsok6 f1i3iumi"
  dir="ltr"
>
  <header
    className="___179c093_1r5nvjz f22iagw f122n59 fni485r f16muhyy fiq88j9 fll10am f1y9r80w f15tla4x"
  >
    <h1
      className="fui-Text ___imzx740_1gseor6 fk6fouc f1x0m3f5 fb86gi6 flh3ekv fpgzoln f1w7gpdv f6juhto f1mtd64y f1y7q3j9 f2jf649"
    >
      My Favorite Stickers
    </h1>
    <div
      aria-haspopup="menu"
      className="fui-SplitButton ___avynhp0_115hgeb ftuwxu6 fsxf2b5 f10pi13n fmrv4ls f14uur2j fye5tvs f1e8brtx fxp12j1 fr7y8no f1hvqvul"
      id="menur1"
      onClick={[Function]}
      onContextMenu={[Function]}
      onKeyDown={[Function]}
      onKeyUp={[Function]}
      onMouseEnter={[Function]}
      onMouseLeave={[Function]}
      onMouseMove={[Function]}
      role="button"
      tabIndex={0}
      title="stickers scope"
    >
      <button
        className="fui-Button rsawnvh fui-SplitButton__primaryActionButton ___mrobob0_upoub20 ftqa4ok f2hkw1w f1x37qnr fn4c73s"
        disabled={false}
        id="splitButton-r2__primaryActionButton"
        onClick={[Function]}
        type="button"
      >
        <span
          className="fui-Button__icon rywnvv2 ___963sj20_1qpm2bl f1nizpg2"
        >
          <svg
            aria-hidden={true}
            className="___12fm75w_v8ls9a0 f1w7gpdv fez10in fg4l7m0"
            fill="currentColor"
            height="1em"
            viewBox="0 0 20 20"
            width="1em"
            xmlns="http://www.w3.org/2000/svg"
          >
            <path
              d="M9 2a4 4 0 1 0 0 8 4 4 0 0 0 0-8Zm-5 9a2 2 0 0 0-2 2c0 1.7.83 2.97 2.13 3.8A9.14 9.14 0 0 0 9 18c.95 0 1.88-.1 2.72-.31l-1.83-2a3.4 3.4 0 0 1 .1-4.69H4Zm10.5 1-.63-.49a2.4 2.4 0 0 0-3.24 3.5l3.5 3.83c.2.22.54.22.74 0l3.5-3.83a2.4 2.4 0 0 0-3.24-3.5l-.63.5Z"
              fill="currentColor"
            />
          </svg>
        </span>
        Mine
      </button>
      <button
        aria-expanded={false}
        aria-labelledby="splitButton-r2__primaryActionButton"
        className="fui-Button rsawnvh fui-MenuButton fui-SplitButton__menuButton ___1qj6wbq_1bdujhx f1sbtcvk fwiuce9 fdghr9 f15vdbe4 fwbmr0d f44c6la ftqa4ok f2hkw1w frrbwxo f1um7c6d f6pwzcr"
        disabled={false}
        onClick={[Function]}
        type="button"
      >
        <span
          className="fui-MenuButton__menuIcon ___1gqzbv5_ogidrh0 fwrc4pm f1ugzwwg fvblgha frx94fk"
        >
          <svg
            aria-hidden={true}
            className="___12fm75w_v8ls9a0 f1w7gpdv fez10in fg4l7m0"
            fill="currentColor"
            height="1em"
            viewBox="0 0 20 20"
            width="1em"
            xmlns="http://www.w3.org/2000/svg"
          >
            <path
              d="M15.85 7.65c.2.2.2.5 0 .7l-5.46 5.49a.55.55 0 0 1-.78 0L4.15 8.35a.5.5 0 1 1 .7-.7L10 12.8l5.15-5.16c.2-.2.5-.2.7 0Z"
              fill="currentColor"
            />
          </svg>
        </span>
      </button>
    </div>
  </header>
  <main
    className="___1qdybx0_0000000 fqerorx f5ogflp fzkkow9 f68mrw8 fihm6t0"
  >
    <div
      className="fui-Spinner ___p104zz0_oywd6f0 f22iagw f122n59 f4d9j23 fez10in f4px1ci fn67r4l f1063pyq"
      role="progressbar"
    >
      <span
        className="fui-Spinner__spinner ___1a7f5ix_1qxa57p f1or16p5 f1grzc83 f19shzzi f5tbecn fn4mtlg f1y80fxs f1r2crtq f1wsi8sr f1bkm2qd f1urqz7h f1da2vov f11rfva0 f1exc66 f89rf2a f1w2xg3q f1flujpd fmn74v6 f11ditju f1m9nikz fq8a5sv f1b4lwqj f1najlst fjxod4 fu3xdw0 f1ttdh6v f1eseayc folzdkc fhlfkde f61h2gu flglbw1"
      >
        <svg
          className="fui-Spinner__Progressbar"
        >
          <circle
            className="fui-Spinner__Track"
          />
          <circle
            className="fui-Spinner__Tail"
          />
        </svg>
      </span>
    </div>
  </main>
</div>
`;
