// Jest Snapshot v1, https://goo.gl/fbAQLP

exports[`StickerApp Snapshot 1`] = `
<div
  className="fui-FluentProvider fui-FluentProvider1 ___jdtuxv0_17k0bs4 f19n0e5 fxugw4r f1o700av fk6fouc fkhj508 figsok6 f1i3iumi"
  dir="ltr"
>
  <header
    className="___179c093_1r5nvjz f22iagw f122n59 fni485r f16muhyy fiq88j9 fll10am f1y9r80w f15tla4x"
  >
    <h1
      className="fui-Text ___imzx740_1gseor6 fk6fouc f1x0m3f5 fb86gi6 flh3ekv fpgzoln f1w7gpdv f6juhto f1mtd64y f1y7q3j9 f2jf649"
    >
      My Favorite Stickers
    </h1>
    <div
      aria-haspopup="menu"
      className="fui-SplitButton ___avynhp0_115hgeb ftuwxu6 fsxf2b5 f10pi13n fmrv4ls f14uur2j fye5tvs f1e8brtx fxp12j1 fr7y8no f1hvqvul"
      id="menu2"
      onClick={[Function]}
      onContextMenu={[Function]}
      onKeyDown={[Function]}
      onKeyUp={[Function]}
      onMouseEnter={[Function]}
      onMouseLeave={[Function]}
      onMouseMove={[Function]}
      role="button"
      tabIndex={0}
      title="stickers scope"
    >
      <button
        className="fui-Button fui-SplitButton__primaryActionButton ___6o4lkm0_1m8zbg0 f122n59 ftuwxu6 f4d9j23 fmrv4ls f1hu3pq6 f11qmguv f19f4twv f1tyq0we f1p9o1ba f1sil6mw fxugw4r f19n0e5 f192inf7 f5tn483 f1vxd6vx f1ojsxk5 fzkkow9 fcdblym fg706s2 fjik90z fj3muxo f1akhkt f1aperda f1lxtadh fk6fouc f1s6fcnf f1knas48 fvcxoqz f1ub3y4t f1xlaoq0 f1m52nbi feu1g3u f8491dx ft1hn21 fuxngvv f141de4g f11v6sdu f9yn8i4 f1uwu36w f1ajwf28 f9olfzr fiu5zv5 f1dfjoow f1j98vj9 f8rnyb3 fhb3ry5 f16e7g02 f11223yd fq7113v ff1wgvm fiob0tu f1j6scgf f1x4h75k f4xjyn1 fd2qbv0 fbgcvur f1ks1yx8 f1o6qegi fcnxywj fmxjhhp f9ddjv3 fr4cgi0 f1sbtcvk fw5db7e fdghr9 f1uw59to f14es27b f1aa9q02 f16jpd5f f1jar5jt fyu767a fkhj508 fl43uef f1i3iumi ftqa4ok f2hkw1w f1rzxaq5 fipsau9 f1emqxbc f6jszy8 fr1u5pk f1p7hgxw f9znhxp fvbipq7 f1vjpng2 fn4c73s f1kjnpwc f1x37qnr f1witrsb"
        disabled={false}
        id="splitButton-3__primaryActionButton"
        onClick={[Function]}
        type="button"
      >
        <span
          className="fui-Button__icon ___dq05sj0_b3g8ug0 f122n59 ftuwxu6 f4d9j23 f1nizpg2 fe5j1ua fjamq6b f64fuq3 f1exjqw5"
        >
          <svg
            aria-hidden={true}
            className="___12fm75w_v8ls9a0 f1w7gpdv fez10in fg4l7m0"
            fill="currentColor"
            height="1em"
            viewBox="0 0 20 20"
            width="1em"
            xmlns="http://www.w3.org/2000/svg"
          >
            <path
              d="M9 2a4 4 0 100 8 4 4 0 000-8zm-5 9a2 2 0 00-2 2c0 1.7.83 2.97 2.13 3.8A9.14 9.14 0 009 18c.95 0 1.88-.1 2.72-.31l-1.83-2a3.4 3.4 0 01.1-4.69H4zm10.5 1l-.63-.49a2.4 2.4 0 00-3.24 3.5l3.5 3.83c.2.22.54.22.74 0l3.5-3.83a2.4 2.4 0 00-3.24-3.5l-.63.5z"
              fill="currentColor"
            />
          </svg>
        </span>
        Mine
      </button>
      <button
        aria-expanded={false}
        aria-labelledby="splitButton-3__primaryActionButton"
        className="fui-Button fui-MenuButton fui-SplitButton__menuButton ___1ql8sbq_1cktsnd f122n59 ftuwxu6 f4d9j23 fmrv4ls f1hu3pq6 f11qmguv f19f4twv f1tyq0we f1p9o1ba f1sil6mw fxugw4r f19n0e5 f192inf7 f5tn483 f1vxd6vx f1ojsxk5 fzkkow9 fcdblym fg706s2 fjik90z fj3muxo f1akhkt f1aperda f1lxtadh fk6fouc f1s6fcnf f1knas48 fvcxoqz f1ub3y4t f1xlaoq0 f1m52nbi feu1g3u f8491dx ft1hn21 fuxngvv f141de4g f11v6sdu f9yn8i4 f1uwu36w f1ajwf28 f9olfzr fiu5zv5 f1dfjoow f1j98vj9 f8rnyb3 fhb3ry5 f16e7g02 f11223yd fq7113v ff1wgvm fiob0tu f1j6scgf f1x4h75k f4xjyn1 fd2qbv0 fbgcvur f1ks1yx8 f1o6qegi fcnxywj fmxjhhp f9ddjv3 fr4cgi0 f1x4af0m f7x41pl fd55psn fruq291 fwbmr0d f1aa9q02 f16jpd5f f1jar5jt fyu767a fkhj508 fl43uef f1i3iumi ftqa4ok f2hkw1w f1rzxaq5 fipsau9 f1emqxbc f6jszy8 fr1u5pk f1p7hgxw f9znhxp fvbipq7 f1vjpng2 f1o2ludy f6pwzcr fxmnebo f1um7c6d f44c6la frrbwxo"
        disabled={false}
        onClick={[Function]}
        type="button"
      >
        <span
          className="fui-MenuButton__menuIcon ___1gqzbv5_ogidrh0 fwrc4pm f1ugzwwg fvblgha frx94fk"
        >
          <svg
            aria-hidden={true}
            className="___12fm75w_v8ls9a0 f1w7gpdv fez10in fg4l7m0"
            fill="currentColor"
            height="1em"
            viewBox="0 0 20 20"
            width="1em"
            xmlns="http://www.w3.org/2000/svg"
          >
            <path
              d="M15.85 7.65c.2.2.2.5 0 .7l-5.46 5.49a.55.55 0 01-.78 0L4.15 8.35a.5.5 0 11.7-.7L10 12.8l5.15-5.16c.2-.2.5-.2.7 0z"
              fill="currentColor"
            />
          </svg>
        </span>
      </button>
    </div>
  </header>
  <main
    className="___1qdybx0_0000000 fqerorx f5ogflp fzkkow9 f68mrw8 fihm6t0"
  >
    <div
      className="fui-Spinner ___p104zz0_oywd6f0 f22iagw f122n59 f4d9j23 fez10in f4px1ci fn67r4l f1063pyq"
      role="progressbar"
    >
      <span
        className="fui-Spinner__spinner ___1t4l23q_2ymwjh0 f1or16p5 f1grzc83 f19shzzi f5tbecn fn4mtlg f1y80fxs f1r2crtq f1wsi8sr f1bkm2qd f1urqz7h f1da2vov f11rfva0 f1exc66 f89rf2a f1w2xg3q f1flujpd fmn74v6 f11ditju f1m9nikz fq8a5sv f1b4lwqj f1najlst f10r9z1l fu3xdw0 f1ttdh6v f1eseayc folzdkc fhlfkde f61h2gu flglbw1"
      >
        <svg
          className="fui-Spinner__Progressbar"
        >
          <circle
            className="fui-Spinner__Track"
          />
          <circle
            className="fui-Spinner__Tail"
          />
        </svg>
      </span>
    </div>
  </main>
</div>
`;
